$ mpirun --version
mpirun (Open MPI) 4.0.4

Report bugs to http://www.open-mpi.org/community/help/

$ mpirun -np 2 -host localhost:2,almoco:2 hostname 
pokebola
pokebola
[almoco:02266] [[14530,0],1] ORTE_ERROR_LOG: Data unpack had inadequate space in file base/regx_base_default_fns.c at line 727
[almoco:02266] [[14530,0],1] ORTE_ERROR_LOG: Data unpack had inadequate space in file grpcomm_direct.c at line 440
[almoco:02266] [[14530,0],1] ORTE_ERROR_LOG: Data unpack would read past end of buffer in file base/odls_base_default_fns.c at line 486

$ mpirun -np 2 -host almoco:2 hostname 
almoco
almoco

$ mpirun -np 2 -host localhost:2 hostname
pokebola
pokebola

$ mpirun -np 2 -host localhost:2,almoco:2 hostname
pokebola
[almoco:02339] [[15030,0],1] ORTE_ERROR_LOG: Data unpack had inadequate space in file base/regx_base_default_fns.c at line 727
[almoco:02339] [[15030,0],1] ORTE_ERROR_LOG: Data unpack had inadequate space in file grpcomm_direct.c at line 440
pokebola
[almoco:02339] [[15030,0],1] ORTE_ERROR_LOG: Data unpack would read past end of buffer in file base/odls_base_default_fns.c at line 486

$ mpirun -np 2 -host localhost:2,almoco:2 hostname

$ ssh almoco mpirun --version
mpirun (Open MPI) 4.0.4

Report bugs to http://www.open-mpi.org/community/help/
